../Core/Src/main.c:780:6:write_register	1
../Core/Src/main.c:785:9:read_register	1
../Core/Src/main.c:791:6:waitForCpuReady	3
../Core/Src/main.c:801:6:remap_rst_RAM	5
../Core/Src/main.c:827:9:TMF8801_CalcChecksum	2
../Core/Src/main.c:833:6:TMF8801_ReadStatusACK	4
../Core/Src/main.c:844:9:TMF8801_GetAppId	1
../Core/Src/main.c:850:6:TMF8801_LoadBootloader	3
../Core/Src/main.c:859:6:TMF8801_WaitForApplication	3
../Core/Src/main.c:868:6:TMF8801_LoadApplication	1
../Core/Src/main.c:875:6:TMF8801_reset	1
../Core/Src/main.c:880:5:__tmf8801_status_read	2
../Core/Src/main.c:890:6:reset_SW	5
../Core/Src/main.c:921:6:TMF8801_DownloadRamPatch	7
../Core/Src/main.c:964:6:TMF8801_FactoryCalib	5
../Core/Src/main.c:994:6:sensor_init	1
../Core/Src/main.c:1015:14:TMF8801_distancePeak_mm	2
../Core/Src/main.c:1043:5:main	1
../Core/Src/main.c:1100:6:SystemClock_Config	4
../Core/Src/main.c:1150:13:MX_ADC1_Init	4
../Core/Src/main.c:1217:13:MX_I2C1_Init	4
../Core/Src/main.c:1265:13:MX_TIM3_Init	6
../Core/Src/main.c:1324:13:MX_USART2_UART_Init	2
../Core/Src/main.c:1359:13:MX_GPIO_Init	1
../Core/Src/main.c:1399:6:Error_Handler	1
